// Jest Snapshot v1, https://goo.gl/fbAQLP

exports[`CourseHeader component renders correctly 1`] = `
<div
  className="grid grid-flow-row grid-rows-[auto_auto_1fr_1fr_1fr] bg-neutral-50 grid-cols-mobile gap-x-5 tablet:grid-cols-tablet tablet:gap-x-5 laptop:grid-rows-[minmax(60px,auto)_1fr_1fr_minmax(60px,auto)_minmax(60px,auto)] desktop:grid-cols-desktop"
>
  <div
    className="relative z-30 flex flex-col col-span-2 col-start-2 row-span-1 row-start-1 pb-8 tablet:col-start-2 tablet:col-span-7 tablet:pr-8 laptop:col-start-3 laptop:col-span-6 laptop:row-span-4 laptop:row-end-4 desktop:col-span-5 desktop:col-start-2 desktop:pr-0 desktop:pl-8 desktopXl:px-0 desktopXl:col-span-4 desktopXl:col-start-3"
  >
    <div
      className="flex-1 max-w-[60%] pt-8 "
    >
      <div
        className="relative flex-1"
        data-testid="imigx-padding-bot"
        style={
          Object {
            "paddingBottom": "26.333333333333332%",
          }
        }
      >
        <div
          className="absolute w-full lazy-load-wrapper lazy-load-wrapper-block lazy-load-image-full transition-all duration-300"
          data-testid="imigx-container"
        >
          <span
            className=" lazy-load-image-background blur"
            style={
              Object {
                "backgroundImage": "url(https://et-website.imgix.net/et-website/images/scribble-4-min.png)",
                "backgroundSize": "100% 100%",
                "color": "transparent",
                "display": "inline-block",
                "height": "158px",
                "width": "600px",
              }
            }
          >
            <span
              className=""
              style={
                Object {
                  "display": "inline-block",
                  "height": "158px",
                  "width": "600px",
                }
              }
            />
          </span>
        </div>
      </div>
    </div>
    <h1
      className="text-7xl font-sentinel__SemiBoldItal text-sage-700 laptop:max-w-[470px] desktop:text-9xl desktop:mb-8"
    >
      Online Courses
    </h1>
    <p
      className="pt-4 text-lg text-sage-600"
    >
      I’ve taught over 200,000 students and my design + lettering videos on YouTube have accumulated over 19 million views. I love sharing what I’ve learned over my career and motivating others to create something new every week.
    </p>
  </div>
  <div
    className="col-end-[-1] col-start-3 row-span-3 row-start-2 bg-sage-200 tablet:row-start-1 tablet:col-start-10 laptop:row-start-1 laptop:row-end-4 desktop:col-start-8"
  />
  <div
    className="relative flex justify-center row-span-4 row-start-2 my-10 col-span-full tablet:row-start-1 tablet:col-start-8 tablet:col-span-6 laptop:row-start-2 laptop:row-span-4 laptop:m-0 desktopXl:col-span-5 desktopXl:col-start-8"
  >
    <div
      className="relative bg-white rotate-[8deg] w-full max-w-[202px] m-auto border-[10px] border-white shadow-md z-10 laptop:max-w-[300px] desktop:max-w-[390px] desktop:border-[20px]"
    >
      <div
        className="absolute top-[13%] left-[-100px] w-[175px] z-20 tablet:left-[-120px] laptop:w-[250px] desktop:w-[300px] laptop:top-[5%]"
      >
        <svg
          viewBox="0 0 492.6 178.32"
          xmlns="http://www.w3.org/2000/svg"
        >
          <title>
            Hey I'm Teela
          </title>
          <path
            d="M120.87 85.7l.4-3.89c-5.5 7.35-8.07 15.92-11.54 24.06-1.61 3.78-2.87 7.72-4.63 11.42a15.48 15.48 0 0 1-3.79 4.56 2.8 2.8 0 0 1-2.72-.08 34.63 34.63 0 0 1-4-4.57c-1.18-1.49-1.63-3.76-2.92-4.78-2.06-1.64-1.46-4-2.6-5.77 0 0 .12-.16.19-.25l1-.15-.25-.51-.72.69c-.38-1.74-.7-3.49-1.14-5.21a35.89 35.89 0 0 0-1.29-4c-.11-.28-.67-.36-1-.59A6.7 6.7 0 0 1 83.9 95c-.17-.29.51-1.37 1-1.69 2-1.23 1.11-3.19 1.24-4.8.2-2.36 0-4.75 0-7.13h.67l.3 4.9h.27l1.14-11.12-1 2.2a10.37 10.37 0 0 1 2.46-7.33 26.81 26.81 0 0 1 3.51-3.63 5.3 5.3 0 0 1 3-.88 27.22 27.22 0 0 1 5 .44c.93.15 1.87.47 2 1.76 0 .39.75.68 1.11 1.07a2.91 2.91 0 0 1 .7 1c1.29 4.42 0 8.39-2.35 12.06a54.88 54.88 0 0 1-5 6.61 4.59 4.59 0 0 0-1.23 3.85c.71 5.2 1.48 10.38 2.29 15.56.27 1.73.71 3.44 1.11 5.33 2-1.06 2.46-2.88 3.17-4.51.35-.81.75-1.6 1.07-2.43.88-2.34 1.71-4.7 2.59-7 .23-.59.62-1.12.89-1.7.58-1.26 1.14-2.53 1.7-3.8 1.06-2.38 2.14-4.75 3.17-7.14.74-1.71 1.42-3.45 2.14-5.16.25-.58.56-1.14.83-1.71.81-1.76 1.59-3.54 2.43-5.29 1.33-2.74 2.91-3.78 5.59-3 1 .32 2.17.32 3.22.62 1.6.45 2 1.91 2.24 3.27a60.1 60.1 0 0 1 .53 6.29c.11 2.31.06 4.63.16 6.95a10.45 10.45 0 0 0 .52 2.09 10.12 10.12 0 0 0 1.5-1.69c.6-1.08.8-2.44 1.57-3.35a28.35 28.35 0 0 0 2.93-4.36c.57-1 1-2.06 1.66-3 1.46-2.29 3-4.53 4.45-6.84a15.92 15.92 0 0 0 1.05-2.55c0-.1 0-.26.09-.31 1.89-1.21 2.11-3.78 4.12-5a12.86 12.86 0 0 0 2.35-2.24c2.08.32 4 .53 6 .94a9.08 9.08 0 0 1 2.77 1.17c1 .61 1.06 1.69 1.2 2.8.1.8.88 1.5 1.25 2.29a41.51 41.51 0 0 1 2.27 5.46 48.31 48.31 0 0 1 1.57 7.15c.65 4.66 1.42 9.32 1.07 14.07-.22 3-.07 6.06-.44 9.05-.64 5.13-1.55 10.22-2.38 15.49a20.26 20.26 0 0 0 2.11-.22c3.42-.7 6.74-.09 10.06.66 1.38.31 1.42 1.23.66 2.15a3.34 3.34 0 0 1-2.85 1.6 15.83 15.83 0 0 0-3 .56c-1.26.19-2.55.25-3.81.47-1.61.27-3.22.59-4.79 1-.35.09-.65.66-.81 1.07-2.08 5.24-3.88 10.61-6.26 15.7a143.63 143.63 0 0 1-7.86 14.25 46.37 46.37 0 0 1-11.92 12.67c-1.37 1-2.66 2.19-4.11 3.09-1.16.72-2.72.89-3.74 1.73-1.32 1.08-2.92.82-4.32 1.45a22.68 22.68 0 0 1-4.65 1.1c-2 .41-3.91.89-5.89 1.16a8.22 8.22 0 0 1-2.44-.46 4.4 4.4 0 0 0-1.36-.19c-1.74.24-3.48.84-5.18.74-1.54-.09-3-.94-4.56-1.41-4-1.21-6.79-4-9.49-6.91A39.89 39.89 0 0 1 85 164a2.88 2.88 0 0 1 0-2c.31-1.2.41-2.28-.7-3.19 1.07-.28 1-.83.55-1.66a2.38 2.38 0 0 1 0-1.69 8.59 8.59 0 0 1 1.15-1.74l-.42-.26-.33 1-.52-.31 1.45-2c.09-.13.26-.22.31-.36.61-1.56 1.09-3.18 1.83-4.67a16.35 16.35 0 0 1 2.32-3.48 55.71 55.71 0 0 1 4.36-4.45 54.65 54.65 0 0 1 4.71-3.83c1.56-1.13 3.24-2.11 4.88-3.13a13.52 13.52 0 0 1 3.55-2c1.81-.44 3.18-1.78 5-2.06a11.23 11.23 0 0 0 4.81-2.35 1.06 1.06 0 0 1 .62-.15c3.42.17 6.31-1.84 9.56-2.33a27.21 27.21 0 0 0 3.93-1.07c1.48-.45 3.23.06 4.86-.06 2.54-.18 5.26-.06 7.53-1 1.6-.65 3.12.85 4.41-.48.38-.39 1.06-.65 1.2-1.1.42-1.31.59-2.69.94-4a7.32 7.32 0 0 1 .76-1.46 6.13 6.13 0 0 1 .33 1.88c-.19 1.36-.57 2.7-.87 4a7.57 7.57 0 0 0 1-2.72c.39-2 .74-4 1.1-6l.56-1.55h-.59l.06 1.58a10.23 10.23 0 0 1-.61 1.6 8.3 8.3 0 0 1-1 1.21c.48-3.12 1.12-6.22 1.4-9.36.24-2.65 0-5.34.06-8s.08-5.22.17-7.83c.07-2.26.22-4.52.3-6.78 0-.2-.35-.4-.38-.62-.15-.92-.89-1.92.52-2.62.39-.19.49-1 .72-1.5l-.5-.18-.38 1.27c-1.26-.54-1.34-1-.35-2.14l-2-2.85c2.09-.61.28-2.63 1-3.88l-.35-.28a84.17 84.17 0 0 0-5.17 6.84c-4.47 7.3-8.72 14.73-13.16 22.05a18.44 18.44 0 0 1-3.39 3.87c-1.48 1.35-3.67.74-5.15-1.06-1-1.16-2.19-2.08-3.15-3.23a5.87 5.87 0 0 1-.8-2.08 62.1 62.1 0 0 1-.94-3.56c0-.11.37-.28.42-.46.1-.36.28-.92.1-1.11a4.73 4.73 0 0 1-.76-4.95l1 2.24v-2.23zm33.83-3.46v2.85h.41l-.43-2.8v-2.5c-1.28.99-.19 1.68.01 2.45zm-9.6 57.26c-.22-.46-.64-.9-.54-1.18.88-2.72 1.88-5.4 2.78-8.11.21-.63.45-1.53.16-2s-1.21-.5-1.87-.62c-.28-.05-.61.2-.93.25-1.58.24-3.22.84-4.73.59s-2.36.45-3.38 1.14a3.29 3.29 0 0 1-.81.37c-.63-1.17-1.49-.45-2.27-.29-1.38.29-2.76.55-4.13.88-3.35.82-6.7 1.64-10 2.52-1 .25-1.85.71-2.8 1a21.44 21.44 0 0 0-2.5.76c-2 1-4 2-5.92 3.09-5.83 3.32-11.2 7.19-14.58 13.2-2.31 4.1-4.15 8.38-1.69 13.07a55.37 55.37 0 0 0 3.78 5.72 1.83 1.83 0 0 0 1.09.65c1.38.25 2.79.37 4.17.62 1.57.29 3.1.76 4.67 1a8 8 0 0 0 2.27-.34c1.27-.21 2.54-.39 3.8-.65s2.67-.61 4-1a14 14 0 0 1 2.28-.72 5.15 5.15 0 0 0 2.71-1.27c2-1.46 4-2.84 6.1-4.17a25.57 25.57 0 0 1 2.91-1.39c.08 0 .21-.1.21-.15-.05-2 1.87-2.77 2.82-4.12 2.56-3.64 5.94-6.72 7.11-11.24 0-.09.14-.15.19-.24a21.93 21.93 0 0 0 2.26-4.3 5.11 5.11 0 0 1 2.84-3.07zm8.44-32.35l.46.05 1.16-11.36h-.46zM95.89 80c2.26-.09 5.75-6.73 3.63-7.65-2.6-.97-3.52 6.25-3.63 7.65zm59.17 12.61h-.31l-.08 2.2h.47zm-6.81 37.55l.31.11.33-1.19-.19-.06zM155 87.29h-.42l.24 1.45h.23zM33.33 56.1a15.48 15.48 0 0 0 .66-2 14 14 0 0 1 .26-2.41c.58-1.46-.43-.93-1.24-1 .86-.75 0-2.27 1.65-2.63.3-.07.42-1.26.47-1.94 0-.15-.58-.36-1.09-.65l.67-3.55.39-.27.17 1a2.94 2.94 0 0 0 .34-.21 5.51 5.51 0 0 1-.6-2c.07-.64.66-1.23 1-1.84a6.68 6.68 0 0 1 .36-.77c.12-.16.53-.3.52-.33-.62-1.51 1.23-2 1.36-3.19a1.38 1.38 0 0 1 2.07-1.07c.88.36 1.55 1.24 2.44 1.61 1.63.69 1.93 2.23 2 3.52.2 5 .22 10 .15 15.06-.05 3.73-.28 7.47-.54 11.19-.31 4.38-.74 8.75-1.1 13.13-.17 2.1-.31 4.2-.39 6.3-.09 2.32-.09 4.64-.14 7.14 1-.28 2-.58 2.95-.81 1.55-.36 3.11-.65 4.66-1a22.8 22.8 0 0 0 2.38-.73c3.27-1.16 6.52-2.37 9.8-3.5 1.28-.45 2.61-.78 3.93-1.11a1.72 1.72 0 0 0 1.45-2.34 23.32 23.32 0 0 1-.39-4.44c0-.41.7-.83 1.07-1.22-1-.36-.83-1.33-.52-2.56a19.57 19.57 0 0 0 .13-3.35c.42-5.76.84-11.52 1.34-17.28 0-.55.67-1.06 1.21-1.85-.18-.76-.49-2-.71-3.22 0-.1.56-.31.48-.27a8.86 8.86 0 0 1-.38-1.94c0-.82.3-1.63.39-2.46.3-2.72.56-5.45.89-8.65L73 36.31c0-1.57-2.76-3.27.63-4.07C72.56 30.54 72 28.8 73 27c.11-.19.74-.08 1-.09-1-4.53 1.14-8.5 2.61-12.58.17-.47.9-.73 1.38-1.08l.32.34-.62 1.19.31.22 2.49-4.22c.48 2.1 1.92 2.27 3.23 2.73a1.77 1.77 0 0 1 1 1.27c.09 3 .08 6 0 9s-.17 6.07-.28 9.1c0 .47 0 1.23-.24 1.35-1.15.57-.72 1.61-.73 2.39 0 2.82.2 5.65.09 8.47-.15 3.89-.47 7.77-.83 11.64-.27 2.91-.78 5.79-1.08 8.7-.7 6.56-1.29 13.12-2 19.68-.57 5.15-1.34 10.28-1.88 15.43-.38 3.59-.65 7.2-.77 10.81-.23 6.86-.4 13.73-.44 20.6 0 3.4.28 6.8.45 10.21.11 2.1-.54 3.31-1.87 2.94a4.77 4.77 0 0 1-2.46-2.14 29.76 29.76 0 0 1-1.68-4.34c-.11-.29-.34-.54-.19-.79 0-.67.08-1.33.1-2 0-.94-1.07-1.87 0-2.83-.91-.47-.45-1.4-.69-2-1-2.43-.37-4.81-.27-7.21a2.1 2.1 0 0 0-.46-1c-.14-.22-.55-.41-.53-.57.1-.85.63-2.31.43-2.41-1.14-.57-1-1.47-.92-2.37 0-.3.35-.59.56-.87s.45-.31.42-.4c-.28-1-.6-2.06-.8-2.7.39-1.2 1.12-2.25.93-3.08-.44-1.84-1.28-3.52-.79-5.57.16-.67.55-2.09-.92-2.62-.26-.09-.15-1.22-.22-1.87-.21-2-.09-2.25 1.62-3.09-2.2.15-1.81-1-1.61-2.21a8.84 8.84 0 0 0-.18-2.68c-.15-1-.83-1-1.6-.77-4.09 1.35-8.18 2.72-12.28 4.06-2.8.91-5.61 1.77-8.41 2.67a12.43 12.43 0 0 0-2.41.89 1.77 1.77 0 0 0-.73 1.28c-.31 8-1.14 16-.14 24 .42 3.33.45 6.71.86 10 .51 4.08 1.22 8.13 1.88 12.19a2.74 2.74 0 0 0 .67 1.46c.75.72.84 1.57.13 2.1s-1.9.81-2.31.48a16 16 0 0 1-2.82-3.27 10.55 10.55 0 0 1-.92-2 17.76 17.76 0 0 1-1.57-6.36c-.12-2.36-1.18-4.67-1.82-7a3.06 3.06 0 0 1-.26-1.4 4.71 4.71 0 0 0-.23-2.79 38 38 0 0 1-.76-5.29c-.29-1.86-.21-3.8-1.16-5.56-.1-.18.51-1.38.29-2.05-.74-2.29-.07-4.89-1.53-7-.21-.3-.51-.52-.31-.74.09-.89.53-2 .17-2.62s-1.55-.81-2.37-.8a7.56 7.56 0 0 0-2.27.81c-7 2.53-14 5.08-21 7.56A23.69 23.69 0 0 1 2 113.29c-.57.08-1.22-.4-2-.69 2-1.5 3.68-2.86 5.46-4.06 1.53-1 3.16-1.94 4.79-2.82q3.5-1.9 7.06-3.67a28 28 0 0 1 2.93-1.1c.15-.05.34 0 .47-.07 3.33-1.73 6.65-3.47 10-5.25.18-.1.14-.57.23-.86a3.18 3.18 0 0 1 .35-.85c1.23.25.72-.61.69-1.09-.06-1.08-.16-2.16-.24-3.17-.45-.11-1.25-.21-1.25-.33 0-1.32 0-2.64.1-4h.46l.57.75.43-.29a4.6 4.6 0 0 1-.75-1 4.36 4.36 0 0 1-.16-1.2c1.17 0 .84-1 .79-1.52-.17-2.22.46-4.51-.55-6.65 1-.24 1.24-1.14.72-2.67l-.61 1.7c-.08-1.47-.22-2.95-.21-4.42 0-1.09.2-2.17.32-3.36l1 1 .38-3.72-1 2.35-.48-.14.75-7.3h.41l.46 1 .44-.05-.15-3.66zM77 20.23l-.56-.06-.5 3.4.34.05zM73.19 40.9h.27l.23-2.27h-.17zM38.54 79.23h.19L38.8 78h-.31zm.38-5.89h.2l.1-1.83h-.12zM444.15 3.58c.27.8.84 1.63.74 2.38-.23 1.78-.85 3.51-1.18 5.29-.44 2.37-.69 4.77-1.15 7.14-.41 2.1-1 4.16-1.54 6.23-.43 1.65-1 3.28-1.37 4.94-.93 3.84-1.76 7.7-2.71 11.53-1.08 4.35-2.38 8.64-3.33 13-1 4.63-1.72 9.32-2.57 14-.57 3.13-1.31 6.23-1.68 9.38-.41 3.51-.56 7.06-.69 10.59a27.75 27.75 0 0 0 .3 5.5 14.57 14.57 0 0 0 1.42 3.52c.05.12.53 0 .81.06.24 3.55-1.36 4.82-4.84 3.93 0-.35.11-.82 0-.94-2.12-1.71-3-4-3.57-6.59a15.24 15.24 0 0 0-1.24-2.74 25.86 25.86 0 0 1-.67-5.57c.08-1.15-1.51-1.81-.55-3.12.21-.28-1.13-1.9-1-2 .92-.78-1.39-2 .36-2.46 0 0 .07-.25.06-.26-1.76-.63 1.66-3.15-1.36-3.24 1.89-1.47-.11-2.59 0-3.58 1.76-.91.26-2.56.86-3.26-.48-.51-1.14-.91-1.12-1.26a7.39 7.39 0 0 1 .7-2c-.13-.21-.53-.57-.54-.94 0-1.73.11-3.45.1-5.18 0-1.26.25-2 1.88-1.73l-1.31-1 .1-2.55-.37-.16c-1.26 2-2.58 4-3.78 6.12-4.17 7.18-8.28 14.4-12.47 21.57-2.25 3.86-4.81 7.46-8.83 9.76a2.26 2.26 0 0 1-3.21-.48 7.06 7.06 0 0 0-1.66-1.52c-3-1.88-3.79-5-4.6-8.15a18.12 18.12 0 0 0-1.39-3l.93-.09v-2.29c-1.45 2.11-2.73 3.93-4 5.78A54.63 54.63 0 0 1 371 90.72c-1.77 1.58-3.74 1.3-5.72 1.14-.53 0-1-.88-1.5-1.37a24.63 24.63 0 0 1-5.22-8.41c-.92-2.27-.44-4.42-.83-6.59a34.87 34.87 0 0 1-.16-5.45c-1.57-.31-3.22-2.62-2.9-4.16.25-1.22 1.17-1.55 2.19-.76.85.65 1 .07 1.14-.59.32-1.93.66-3.85.92-5.78.41-3 1.93-5.68 2.68-8.51.69-2.62 3.19-2.88 4.19-4.8.18-.34 1.22-.53 1.71-.36a23.32 23.32 0 0 1 6 2.53c.95.68 1.3 2.49 1.51 3.86.72 4.63-.83 8.66-3.82 12.12-1.45 1.67-3.2 3.08-4.75 4.67a3.24 3.24 0 0 0-1 1.71 48.81 48.81 0 0 0 .56 13.41c.27 1.47.53 3 2.67 2.11.11 0 .3.11.46.14s.2 0 0 0a7.1 7.1 0 0 1 .71-1.39 96.84 96.84 0 0 1 6.58-7.38c2.36-2.22 3.28-5.32 5.3-7.71.32-.38.23-1.1.54-1.47.49-.55 1.29-1 1.42-1.68.24-1.19 1.27-2.54-.18-3.71-.08-.06.11-.5.21-.74 1.1-2.69 2.32-5.34 3.3-8.07 1.6-4.45 5.51-7.08 10.13-6.45a6.67 6.67 0 0 1 2.51 1.33 10 10 0 0 1 2.62 2.11 6.05 6.05 0 0 1 1.18 3.17 9.94 9.94 0 0 1-3.06 7.3 15.85 15.85 0 0 1-7 4.37 2.7 2.7 0 0 0-2.14 3c0 3.36.17 6.72.3 10.08a27.52 27.52 0 0 0 .37 3.05c0 .29.25.79.38.79a1.46 1.46 0 0 0 1-.37 32.55 32.55 0 0 0 2.7-3c1-1.36 1.82-2.88 2.86-4.21a26.25 26.25 0 0 1 2.63-2.6.76.76 0 0 1 .26-.1c-.71-1.69.88-2.22 1.57-3.24 1.35-2 2.28-4.34 3.87-6.08 1.4-1.53 2-3.41 3.22-5s2.18-3.61 3.33-5.37 2.49-3.41 3.6-5.19c.85-1.36 1.16-3.19 2.27-4.22 2.53-2.36 1.33-5.75 2.82-8.43 1.17-2.11 1.06-4.88 2-7.14a38.22 38.22 0 0 0 1.88-6.65c.31-1.32 1.43-1.07 2-1.65l-1-.94.67-.15a16.75 16.75 0 0 1 .32-1.82c.15-.54.49-1 .65-1.57.31-1.11.51-2.25.82-3.36.46-1.63 2-3 3.43-2.77l-.81-1.15 2.53-4.84.03 1.62.42.06.33-2.38c.86-.41 1.77-.76 2.58-1.26 1.16-.7 2-.73 2.49.74a15.38 15.38 0 0 0 .66 1.46c.39.87.37.79 1.41.5.38-.1.88.25 1.32.4zm-51.31 56l.58.38c1.65-1.85 4.47-2.5 5.19-5.31.11-.43.28-1 .08-1.3a1.4 1.4 0 0 0-1.28-.39 5.67 5.67 0 0 0-2.41 1.72 39.12 39.12 0 0 0-2.16 4.93zM370 52.23c-1.76.67-3.2 4-3.16 7 2.35-.44 3.69-4.06 3.16-7zm51 8.94h.18l.22-2.17h-.18zm10.87-26.7l.37.14.42-1.16-.3-.12zm8.76-27.38l.2.07.4-1.18-.23-.08zm-4.09 11.66l.34.06.23-1.16-.27-.06zM252.76 64.61c-1-1.7 1.12-3 .59-4.69 0-.09.15-.29.28-.37 1.21-.74 2-2.13 3.63-2.29 1.12-.11 3.42.83 3.93 1.84l.42-1.68c2.4 2.53 2 5.42 2 8.18 0 2.42-.1 4.84-.23 7.26-.07 1.34-.26 2.68-.4 4l.42.16a4.82 4.82 0 0 0 .71-.86c1.44-2.89 2.73-5.87 4.32-8.68a52 52 0 0 1 4.11-5.71 1.44 1.44 0 0 1 1.18-.43c1 .2 2 .59 3 .86a14.26 14.26 0 0 0 1.78.19c3.42 3.46 3.28 8.33 3.65 13.24 1.46-2.58 2.88-5.1 4.31-7.6a20.1 20.1 0 0 1 1.23-2 23.16 23.16 0 0 1 2.78-3.45 15.34 15.34 0 0 1 3.32-2c.19-.1.56.2.86.29.9.27 1.8.52 2.69.8a1.21 1.21 0 0 1 .48.29c1.5 1.53 3.55 2.28 4.22 4.88 1.94 7.45 1.52 14.93 1.13 22.44a32.38 32.38 0 0 1-.37 4.36c-.15.77-.69 2-1.2 2a3.52 3.52 0 0 1-2.29-1.07 11.75 11.75 0 0 1-3.79-6.94c-.26-1.28.29-3.07-1.29-4 .82-1.14-.1-2.22-.11-3.32s.39-2.16-.93-2.76c-.1 0-.09-.38-.09-.57 0-1.37.07-2.74.11-4.11l-.82-.2c-1.67 3.57-3.37 7.12-5 10.7-1.28 2.81-2.33 5.72-3.75 8.45a2.93 2.93 0 0 1-4.54.58c-1.72-1.45-3.46-2.87-5.11-4.23.49-.19 1.82-.24.27-1.46-.82-.65-.47-2.57.46-3.56-1.62-1.74-1.62-1.74-.84-2.34l-1.05-.93c.85-.49-.67-2.52 1.63-2-.63-.56-1.28-.88-1.36-1.3s.52-.86.76-1.33.71-1.33.57-1.46a6 6 0 0 0-1.7-.85l.6-3.75c-.51.5-.85.7-1 1-2.2 4.35-4.71 8.58-6.47 13.1s-2.82 9.44-4.18 14.18c-.06.21 0 .47-.15.63-.73.94-1.32 2.26-2.29 2.69-1.23.54-2.07-.74-2.83-1.69-1-1.26-2.1-2.46-3.2-3.74l.9-.4-2.2-2.3 1.78-.9-2.49-.8.49-.34c0-.43-.05-.86-.07-1.28a2 2 0 0 1 0-.63c.29-1-.28-2-.2-2.93a8.35 8.35 0 0 1 .39-1.46l-1-.22a15.19 15.19 0 0 0 .32-2.09c0-.46-.4-1-.31-1.39.26-1.27-.62-3.21 2.38-3.08l-2.11-1.41 1.49-.27c-.29-.33-.61-.64-.86-1a1.61 1.61 0 0 1-.32-.77v-1.43c0-.48 2.77 0 .57-1.59 0 0 .43-.73.71-1.21l-.62-.34c0-1.29-.52-2.57.41-3.56 0 0-.23-.33-.36-.51l1.28.13.35-1.52z"
          />
          <path
            d="M339.71 46.68a12.41 12.41 0 0 1-.29-2.89c.38-2.9.88-5.79 1.41-8.68s1.15-5.69 1.72-8.54a5.94 5.94 0 0 1 .1-.62c.29-.92.6-1.84.92-2.78.29 0 .05 0 0 0-1-2.13-2.69-.88-4.06-.73-4.77.51-9.53 1.14-14.29 1.7-1.1.13-2.21.22-3.32.27a.92.92 0 0 1-.7-.33 24.65 24.65 0 0 1-2.07-3.4 1.54 1.54 0 0 1 1.28-2.37 13.38 13.38 0 0 0 3.81-1.58 8.16 8.16 0 0 1 3.37-.6c.5 0 1.48.25 1.13-.93.67-.11 1.45-.48 2-.27.74.29 1.1.71 1.32-.46 0-.25 1.13-.39 1.74-.42a16.78 16.78 0 0 1 2.27.21v-.33c1 .84 1.66-.5 2.53-.45a2.43 2.43 0 0 1 1.15.36 2.8 2.8 0 0 0 3.67-.49c.78 1.16 1.56 1.33 2.16-.31l1.08 1.15c.78-1.06.78-1.06 2.34.2.62-2.53 1.56-.62 2.49-.09l.2-1a17.34 17.34 0 0 1 3.39.08 17.73 17.73 0 0 1 3.12 1.3l.27-.37-.34-1a6.22 6.22 0 0 1 2.2.26c3 1.66 6.27.92 9.37 1.56 1.65.34 3.53 0 4.8 1.46a7.74 7.74 0 0 1 1.13 1.82 5.72 5.72 0 0 1 .19 1.53c-2.95 0-6 0-9 .08-1.15 0-2.29.35-3.44.48-1.7.2-3.41.32-5.11.52-2 .23-3.93.49-5.88.83-.24 0-.53.62-.55 1-.31 5.33-.4 10.69-.9 16-.56 6-1.51 12-2.23 18.05-.52 4.39-.81 8.8-1.41 13.17-.53 3.81-1.48 7.56-2 11.37-.74 5.38-1.27 10.78-1.82 16.18a7.59 7.59 0 0 0 .4 2.38 4.9 4.9 0 0 1-1.23 4.82c-1 1-1.9.87-2.62-.35-.54-.92-1.12-1.82-1.62-2.75-.1-.19 0-.52.09-.78s.3-.62.24-.68c-1.1-1-.27-2.72-1.56-3.81-.59-.5-.36-2-.22-3.07l.83 1.17.33-.11-.43-5.26-.67.82c-1-1.86-.2-3.11 1.63-4.06l-.48-.33-1.27.56a9.21 9.21 0 0 1-.15-1.74c0-.19.49-.34.76-.51s1-.53 1-.68a6.66 6.66 0 0 0-.74-1.52c-1.37.76-1-.52-1-1-.12-1.27-.08-2.56-.11-4.08l1.27.68c.18-1.24 1-2.63-1-3.17v-4.14a2.57 2.57 0 0 1 .81-1.61v3h.48l.5-9.73h-.49v1.41c-.05 1-.1 1.91-.2 2.87 0 .15-.27.28-.41.41-.16-.18-.45-.35-.45-.53 0-1.61 0-3.22.09-4.82 0-.29.55-.55.83-.83l1.41-1.42-.56-.42-.86 1.94a8 8 0 0 1-.46-1.28 17.29 17.29 0 0 1 .41-5.07c.49-1.82.54-3.75.88-5.61a6.91 6.91 0 0 1 .8-1.67v4.56h.24l.93-9.09zM342 35h.37l.77-7.51h-.37zm2 .71l.23.06L345 28h-.23zm-3.69 31.74h-.15l-.78 7.64h.15zm2.29-21.2l-.28-.08-.59 5.74h.28zm.84-6.32h-.16l-.3 3h.15zm-2.6.31l.43.07.52-3.11-.34-.05zM339.65 53h-.35l-.3 2.45h.2zm4.26-28.45l-.49-.06-.26 1.78.45.06zm3.66-8.46v.29l2.25-.07v-.11zm-1.9 9l-.23-.08-.14 1.42h.23zM341.14 56l.34.1.22-1.43h-.34zm14.66-39.89v.27l1.35-.25V16zm-24.35 1.2v.35l1.47-.16v-.26zm11.82 21.29l.4.17.25-1.48-.24-.05zM464 64.54c-1.85 2-3.68 4.09-5.54 6.11-2.35 2.56-4.59 5.23-7.1 7.62-2.23 2.13-2.88 2-4.74-.27a14.9 14.9 0 0 1-2.62-4.07 15.08 15.08 0 0 1-.53-7.31 47.51 47.51 0 0 1 .9-5.43 45.33 45.33 0 0 1 1.85-4.89c.12-.3.35-.55.44-.86a13.65 13.65 0 0 1 5.34-7.38 10.89 10.89 0 0 1 6.21-2.33c.56 0 1.23 1.28 1.51-.12 1.31.76 2.55 1.51 3.82 2.21a.79.79 0 0 0 .71 0c1.34-1.18 1.51-.07 1.69.87a5.17 5.17 0 0 1-3.34 6c-.21.07-.5-.1-.73 0-.67.16-1.54.17-2 .61-4.38 4.51-6.72 10.15-8.53 16.13 1.32-1.45 2.61-2.92 4-4.33.25-.26.79-.2 1.14-.4a3.72 3.72 0 0 0 1.05-.85c-.9-1.63.68-2.36 1.39-2.91 1.53-1.17 2.34-2.77 3.4-4.24.23-.32.74-.43 1.12-.64l.43.5a6 6 0 0 1 .25-1.95c.25-.5 1-1.24 1.33-1.14 2 .57 4.26.51 5.53 2.65.29.49 1 .74 1.17.86.1.77.12 1.25.22 1.71a19.61 19.61 0 0 1 .8 3.24c.07 1.26-.31 2.54-.28 3.8a20.7 20.7 0 0 0 .59 2.93c.24 1.37.47 2.75.61 4.13a11.91 11.91 0 0 1-.25 1.49 3.74 3.74 0 0 0 .18 1.94c.15.25 1.28.22 1.7-.06 1.91-1.27 3.71-2.7 5.57-4 .86-.63 1.77-1.2 2.63-1.82.28-.2.69-.46.71-.71.05-1.19.45-1.87 1.85-1.37 0-1.29-.46-2.72 1.51-2.58.07 0 .19-.13.22-.22.48-1.34.86-2.72 1.46-4a8.66 8.66 0 0 1 1.59-1.81c1.74.7 1.33 1.77 1 3.26a24.41 24.41 0 0 1-4.38 9.81c-2.78 3.7-5.69 7.33-9.71 9.75-1.24.74-3 .7-4.46 1a.83.83 0 0 1-.71-.26c-1.23-2.29-3.53-3.74-4.75-6-2-3.62-3.52-7.4-3.65-11.61v-2.71zm-17.85-2.83l.48.21a28.42 28.42 0 0 1 1.22-3.47c1.11-2.24 1.17-2.21.47-3.26zm-1.84 7.34l.59.11.8-4.54-.59-.12zm21.84-3.68h.45v-1.83h-.45zm-20-2.55l-.32-.1-.39 1 .44.15zM176.21 33.72c-1-.27-.82-1.06-.46-2.3a19.54 19.54 0 0 0 .23-4.24 4.93 4.93 0 0 1 .38-1.18l1 .51.27-.34-1.72-1.24 1.63-1.61-1.38-1.32c.6 0 .78-1.93 1.74-.33.16-.13.48-.29.46-.38a2.08 2.08 0 0 0-.43-1.1.94.94 0 0 0-.67-.1 20 20 0 0 0 1.57-2.43c.16-.34-.16-.9-.29-1.46a3.4 3.4 0 0 0 .61-4.21 1.8 1.8 0 0 1-.16-1.57c.26-.49.91-.77 1.59-1.29l-1-.55c1.26-1.62 2.24-2.82 3.15-4.07.56-.77.83-1 1.89-.37 1.28.71 2.14 2.44 4 2 .14 0 .64.69.63 1.06-.06 2.21-.22 4.41-.33 6.62a4.86 4.86 0 0 0 .09 1.47c.24.89.44 1.7-.93 2 1.08 1 1.15 2 .19 3-.37.41-.35 1.17-.63 2.23l1.49-1.36c-.42 2.39-1.26 4.44-1 6.35.4 3.21-.32 6.25-.65 9.33-.51 4.84-1.42 9.64-2.21 14.45-.06.34-.74.57-.82.93-.48 2.24-.66 4.56-1.36 6.72-.9 2.78-.39 5.68-1.09 8.45-.54 2.14-1 4.31-1.47 6.45a1 1 0 0 1-.61.65 2.73 2.73 0 0 1-2.92-1.13 39.08 39.08 0 0 1-2.74-3.82c-.33-.59-.36-1.94 0-2.22 1-.75.71-1.68.8-2.56.12-1.17 0-2.36.17-3.53s.15-1.92-1.14-2.23c1.4-.86 1.38-1.53.61-2.73-.33-.51.18-1.54.28-2.18 0 0-.41.31-.51.23-.34-.27-.86-.81-.78-1a7.2 7.2 0 0 1 1.12-1.48c-.79-.3-.71-1.31-.6-2.45.05-.48-.46-1-.73-1.59-.17 0 .22.07.31-.08.68-1.14 1.31-2.3 1.93-3.47a1 1 0 0 0-.05-.61c-2.11 0-.57-1.72-1.19-2.58l-.77.82c0-.37-.06-.67 0-.77 1.49-1.36 1.09-3.15 1.25-4.85a8.42 8.42 0 0 1 1.25-2.54zm8.85 12.4l.38.12.13-1.23h-.25zM234.8 33.37a39.91 39.91 0 0 1 0 4.09c-.69 7.76-1.47 15.51-2.15 23.27-.59 6.68-1.1 13.36-1.6 20-.31 4.16-.51 8.32-.82 12.48 0 .44-.5.85-.76 1.27l.63-6.14h-.51l-.09 6.17c.12 1.3.32 2.61.34 3.91 0 2.17-.07 4.33-.11 6.63-.94-1.18-1.78-.44-2.28.12-.75.83-1.25.28-1.44-.21a13.09 13.09 0 0 1-.78-3.18c-.33-2.72-.56-5.46-.82-8.19v-1c0-.9-.11-1.8-.17-2.7 0-.62-.09-1.23-.1-1.85 0-.36.26-.85.11-1.05-.92-1.24-.14-2.54-.23-3.8a2.11 2.11 0 0 0-.39-.82c-.31-.53-.65-1-.75-1.2.53-.45 1-.66 1-.86a28.62 28.62 0 0 0-.26-4.12c-.08-.49-.68-.9-.92-1.19.34-.52 1-1.11 1-1.63s-.7-1.27-1.09-1.89c.77-.38 1.68-.47 1.22-2-.41-1.33-.1-2.88-.12-4.34 0-.69-.07-1.39-.11-2.08l.21-2-1.36-.71 1.1-.75c.65-.43.28-1.7-.37-2.06a15.52 15.52 0 0 0 .81-1.86c.37-1.29-.58-2.88.91-4a16.34 16.34 0 0 0-1.17-2.14l1.27-1-.36-3.15h-.26l-.44 2.07-.41.15a4 4 0 0 1-.32-1.47c.12-.67.44-1.25-.51-1.56-.14 0-.17-.44-.26-.67h.62a4.88 4.88 0 0 0 .55 0c.13-1.42 1.66-1.55 2.28-2.51a.88.88 0 0 0 .18-.59c-.19-.73-.43-1.45-.66-2.17a43.36 43.36 0 0 1 .93-6.45c.37-1.26.19-2.76 1.52-3.92a9.07 9.07 0 0 1-1.15 0 9.69 9.69 0 0 1-1-.26l.81-.46c.5-.3 1.1-3.07.63-3.38s-1.15.27-.9-.69c.06-.24.44-.4.67-.6l.72.19c-.23-.69-.5-1.37-.68-2.07a2.6 2.6 0 0 1 .08-.87l1 .57a15.58 15.58 0 0 1 .53-3.18 15.85 15.85 0 0 1 1.76-2.77c.74.67 1.28 1.18 1.85 1.66a1.8 1.8 0 0 0 .82.5c1.83.18 2.17.95 1.1 2.61a6.05 6.05 0 0 0-.3 1l1.62-1.43a44.29 44.29 0 0 1-.57 14.28 8.72 8.72 0 0 1-.53-2.35c.12-2.22.42-4.44.64-6.66h-.4l-3.68 36.09.67.07c.25-2.4.5-4.8.73-7.2.58-6.15 1.14-12.31 1.76-18.46-.04-.52.48-.99.76-1.49zm-3.55 29.75h-.46l-.24 5.13h.18zm-1.19 13.52h.24l.49-4.8h-.23zm-5.81-32.83l.14.46 1.64.17-.39-1.22zM252.87 29.55l1.54-2.38-2.22.43c.41-1.53.41-1.53 2.75-1.35l-1.66-1.1s.14-.55.34-.58c1.56-.18 2.15-1.52 3.11-2.42.12-.12.82.11 1 .35.46.65.68 1.42 1.77.74.18-.12 1.45.78 1.45 1.21a42.18 42.18 0 0 1-.45 8.21c-1.16 5.72-4.25 10.62-7.4 15.45-.53.82-1 1.68-1.56 2.48a1.9 1.9 0 0 1-3.33-.2 12.79 12.79 0 0 1-.64-2.43l-.4.59-.31-.09c.29-1.24.51-2.5.88-3.72s1-2.62 1.36-4c.08-.33-.66-.85-1.12-1.4.07-.05.38-.44.61-.4 1.4.23 1.5-.74 1.74-1.69A8.71 8.71 0 0 1 251 36a4.09 4.09 0 0 0 .19-.91 2.57 2.57 0 0 1-.64-.09 6.82 6.82 0 0 1-.8-.46c1-.19 2.07-.31 1.84-1.77l1.25-2.77zM176.09 98.77l-1.07.46-.26-.26 1.81-2.42-.49-.4c.63-.75 1.1-1.32 1.58-1.88.16-.19.4-.53.54-.5 1.21.26 2.41.58 3.71.91l.52-1.13a13.13 13.13 0 0 0 1.28 1.64c.52.48.22 1.8 1.53 1.55a2.26 2.26 0 0 1 .36 1.15c-.12 1.11-.34 2.22-.56 3.32a.68.68 0 0 1-.4.46c-1.39.23-2.85.77-4.16.51a11.9 11.9 0 0 1-3.81-2c-.33-.18-.37-.84-.58-1.41z"
          />
          <path
            d="M252.87 29.55v.44c-1.81.31-.87 1.86-1.27 2.81l-1.75.65a35.62 35.62 0 0 1 1.27-3.9c.09-.24 1.14-.03 1.75 0zM383.54 64.56L382 65l.59-3.7h.24zM33.35 56.08c-.2-.32-.57-.65-.56-1 0-1.18.21-2.35.33-3.52l.66.07-.45 4.43zM225.4 38.63l-.81 1.58-.3-.1.33-3.19.83 1.75zM87.57 77.37l-.41 2.33-.68-.18c.18-.78 0-1.7 1.12-2.13zM357.78 55.36l.87-1.89.51.24-.76 2zM177.94 15.12l.43-2.16c.56.79 1.02 1.57-.43 2.16zM120.88 85.68c-1.27-.16-1.41-.86-.75-2.37l.74 2.39zM250.26 35.66l-1.42.65-.22-.47 1.41-.66zM221.72 55.91l1.78-.22v.51l-1.83.21zM444.17 3.57l-.43-1.48h.7l-.3 1.53zM224.6 36.93v-1.74l.64.11-.63 1.61zM223.56 63.05l-.63.77-.69-1.06.28-.26 1.06.57zM177.92 16.76c.22.37.46.59.43.78s-.31.34-.52.41-.35-.27-.34-.4a2.86 2.86 0 0 1 .43-.79zM31.23 80.79l-1.06-1.06.34-.35 1.1 1zM357.27 61.79l-.78.4c-.05-.17-.18-.38-.13-.51a.59.59 0 0 1 .43-.32c.13 0 .26.23.48.43zM248.92 38.47l-.57-1 .33-.21.66.93z"
          />
        </svg>
      </div>
      <div
        className="w-full absolute max-w-[76px] z-20 top-[-18px] left-[45%] translate-x-[-50%] desktop:max-w-[100px]"
      >
        <div
          className="relative flex-1"
          data-testid="imigx-padding-bot"
          style={
            Object {
              "paddingBottom": "78.5997357992074%",
            }
          }
        >
          <div
            className="absolute w-full lazy-load-wrapper lazy-load-wrapper-block lazy-load-image-full transition-all duration-300"
            data-testid="imigx-container"
          >
            <span
              className=" lazy-load-image-background blur"
              style={
                Object {
                  "backgroundImage": "url(https://et-website.imgix.net/et-website/images/black-pin-min.png?auto=format&w=20&fit=clip)",
                  "backgroundSize": "100% 100%",
                  "color": "transparent",
                  "display": "inline-block",
                  "height": "595px",
                  "width": "757px",
                }
              }
            >
              <span
                className=""
                style={
                  Object {
                    "display": "inline-block",
                    "height": "595px",
                    "width": "757px",
                  }
                }
              />
            </span>
          </div>
        </div>
      </div>
      <div
        className="relative z-10 "
      >
        <div
          className="relative flex-1"
          data-testid="imigx-padding-bot"
          style={
            Object {
              "paddingBottom": "170.85714285714286%",
            }
          }
        >
          <div
            className="absolute w-full lazy-load-wrapper lazy-load-wrapper-block lazy-load-image-full transition-all duration-300"
            data-testid="imigx-container"
          >
            <img
              alt="Every Tuesday: Hey I'm Teela, your course instructor."
              aria-label="Image"
              data-testid="lazy-load-image-teela-profile"
              height="598px"
              onLoad={[Function]}
              src="https://et-website.imgix.net/et-website/images/teela-profile-vertical.jpg?w=350&fit=clip?auto=format&w=350&fit=clip"
              srcSet=""
              width="350px"
            />
          </div>
        </div>
      </div>
    </div>
    <div
      className="absolute top-[-30px] left-auto right-[-30px] w-[300px] z-0 rotate-[-175deg] tablet:w-[500px] tablet:right-[-220px] tablet:rotate-[45deg] laptop:top-[-50px] laptop:right-[-90px] laptop:w-[400px] desktop:w-[545px]"
    >
      <div
        className="relative flex-1"
        data-testid="imigx-padding-bot"
        style={
          Object {
            "paddingBottom": "99.77653631284916%",
          }
        }
      >
        <div
          className="absolute w-full lazy-load-wrapper lazy-load-wrapper-block lazy-load-image-full transition-all duration-300"
          data-testid="imigx-container"
        >
          <img
            alt="Large green watercolor texture by Teela"
            aria-label="Image"
            data-testid="lazy-load-image-green-desktop"
            height="893px"
            onLoad={[Function]}
            sizes="(max-width: 666px) 40vw, (max-width: 1023px) 60vw, (max-width: 1399px) 40vw, 1400px"
            src="https://et-website.imgix.net/et-website/textures/green-texture-min.png?w=895&fit=clip?auto=format&w=400&fit=clip"
            srcSet="
            https://et-website.imgix.net/et-website/textures/green-texture-min.png?w=895&fit=clip?auto=format&w=400&fit=clip 400w,
            https://et-website.imgix.net/et-website/textures/green-texture-min.png?w=895&fit=clip?auto=format&w=900&fit=clip 900w,
            https://et-website.imgix.net/et-website/textures/green-texture-min.png?w=895&fit=clip?auto=format&w=1200&fit=clip 1200w,
            "
            width="895px"
          />
        </div>
      </div>
    </div>
  </div>
</div>
`;
