// Jest Snapshot v1, https://goo.gl/fbAQLP

exports[`General Message Modal Component Should render Snapshot of General Message modal 1`] = `
<div
  className="relative w-[100vw] max-w-[440px] mx-auto"
  data-testid="test-tuesdayMakersSignUpModal"
>
  <div
    className="w-[100px] absolute top-[-4%] left-[47%] translate-x-[-50%] z-[1]"
  >
    <span
      className=" lazy-load-image-background blur"
      style={
        Object {
          "backgroundImage": "url(https://et-website.imgix.net/et-website/images/black-pin-min.png?auto=format&w=20&fit=clip)",
          "backgroundSize": "100% 100%",
          "color": "transparent",
          "display": "inline-block",
          "height": undefined,
          "width": undefined,
        }
      }
    >
      <span
        className=""
        style={
          Object {
            "display": "inline-block",
          }
        }
      />
    </span>
  </div>
  <div
    className="absolute z-1 top-[-80px] right-[-70px] w-[150px] tablet:top-[-110px] tablet:right-[-100px] tablet:w-[200px] tablet:rotate-[-14deg]"
  >
    <svg
      viewBox="0 0 97.33 144.37"
      xmlns="http://www.w3.org/2000/svg"
    >
      <path
        d="M32.48 19.16c.71-.14 1 .18 1.09.88.44 3.52.92 7 1.4 10.55a29.29 29.29 0 0 1-2.49 16 9.22 9.22 0 0 0-.12 7.05 53.53 53.53 0 0 1 2.4 19.84c-.14 2-.33 4-.49 5.94a2 2 0 0 0 .21 1.17c.53-.8 1.08-1.61 1.6-2.42a47.36 47.36 0 0 1 12.29-12.92c1.92-1.4 4-2.58 6.06-3.79.34-.2 1.1-.23 1.27 0a1.56 1.56 0 0 1 .21 1.38c-2.78 5.35-5.69 10.61-10.3 14.66a21.41 21.41 0 0 1-9.88 5 2.31 2.31 0 0 0-1.4 1.2c-.77 1.91-1.41 3.88-2 5.84-1.6 5-2.93 10.12-5.34 14.83-1 1.9-2 3.79-3.07 5.63a5.47 5.47 0 0 1-1.35 1.16l-.28-.3c0-.18 0-.42.13-.54 2.78-3.11 4-7 5.51-10.79a2.49 2.49 0 0 0-.47-2.17c-4.66-4.52-6.75-10.13-7.28-16.44q-.41-4.77-.63-9.55c0-.46.42-1 .65-1.42a4.3 4.3 0 0 1 1.34.72c3.31 3.75 4.93 8.3 6 13.08A47.26 47.26 0 0 1 29 95a.7.7 0 0 0 .32.58c.53-1.59 1.18-3.15 1.57-4.77a109.5 109.5 0 0 0 2.29-10.73 83.22 83.22 0 0 0 .38-9.75c0-.35-.47-.88-.85-1.06-3.67-1.74-7.44-3.32-10.5-6.07a40.19 40.19 0 0 1-3.46-3.79q-5-5.7-9.91-11.43a5.19 5.19 0 0 1-.6-1.42 4.64 4.64 0 0 1 1.65-.07A45.75 45.75 0 0 1 27 56.45a28.62 28.62 0 0 1 6.38 9l.31-.07c-.46-2.64-.77-5.31-1.4-7.9-.68-2.77-1.64-5.48-2.5-8.2-.65-2.07-2.2-3.51-3.73-4.89-2.39-2.17-4.77-4.37-7.35-6.3-2.18-1.64-4.66-2.87-6.94-4.38a22.23 22.23 0 0 1-7.57-8.44C3.08 23.15 1.62 21.14.38 19A5.64 5.64 0 0 1 0 17.39a4.34 4.34 0 0 1 1.62.26c4.44 2.8 9 5.4 13.06 8.81a52.8 52.8 0 0 1 10.14 11.18c1.45 2.18 2.67 4.51 4 6.77a7.92 7.92 0 0 0 .79 1.19 46.84 46.84 0 0 1 2.89-26.45ZM40.2 104.44c1.31-.88 2.57-1.83 3.93-2.61 2.69-1.55 5.4-3.07 8.18-4.46 1.09-.55 1.1-1.63 1.65-2.42 2.11-3 3.09-6.6 4.29-10 1.65-4.71 3.49-9.33 6.45-13.4a40.4 40.4 0 0 1 9.4-9.28c1.1-.78 2.15-1.64 3.27-2.4a6.86 6.86 0 0 1 1.49-.52c-.07.53 0 .81-.13 1-2.46 3.63-3.18 8-4.71 11.94a18.57 18.57 0 0 1-5 7.11c-1 .9-2 1.87-3 2.78-1.88 1.71-3.79 3.38-5.66 5.11A19.41 19.41 0 0 0 57.73 90a18.77 18.77 0 0 0-1.42 3c-.43.91-.89 1.82-1.47 3 1.78-.61 3.27-1.08 4.74-1.63a56.93 56.93 0 0 1 16-3.35 39 39 0 0 1 13.9 1.48 4.87 4.87 0 0 1 1.27.85c-.31.43-.53 1-1 1.28a16.14 16.14 0 0 1-6.91 2.46 30.52 30.52 0 0 1-11.5-.59c-2.38-.61-4.77-1.23-7.17-1.76a4.06 4.06 0 0 0-2 .05A63.28 63.28 0 0 0 47 101.52c-2.66 1.64-5.26 3.39-8.13 5.26 2.58-.12 4.78-.32 7-.3 4.87.06 9.64.79 14 3.14 2.78 1.52 5.37 3.4 8 5.19a1.89 1.89 0 0 1 .63 1.38c0 .2-.7.57-1.12.62-4.52.63-9.09 1-13.46-.61a14.09 14.09 0 0 1-7.61-7.08 2.4 2.4 0 0 0-2.53-1.52 39.85 39.85 0 0 0-5.89.89 7.35 7.35 0 0 0-2.91 1.94c-3.42 3.38-6.75 6.84-10.11 10.27l.21.43a8.43 8.43 0 0 0 1.59 0c7.39-1.53 14.5-1 21.12 2.93a9 9 0 0 1 1.63 1.64 8.48 8.48 0 0 1-2.2 1.16c-3.51.71-7 .32-10.57 0a24.28 24.28 0 0 1-10.86-3.65A2 2 0 0 0 23 124a6.86 6.86 0 0 1-1.16 1.12c.07-.53 0-1.18.24-1.57 1.63-2.34 3.32-4.65 5.07-6.9.8-1 2-1.81 2.65-2.9a22.11 22.11 0 0 0 2.2-4.82 59.42 59.42 0 0 1 4.63-11.62 37.32 37.32 0 0 1 9-10.39 3.64 3.64 0 0 1 1.37-.39 5.6 5.6 0 0 1-.11 1.37c-.88 2.56-1.67 5.17-2.74 7.65-1.19 2.73-2.64 5.35-4 8a3.6 3.6 0 0 0-.2.66Zm-.75.54.19-.1a.74.74 0 0 0-.13-.12s-.09 0-.09 0a1.22 1.22 0 0 0 .03.24Z"
        fill="#cda05a"
      />
      <path
        d="M47.7 46.35c-2.34.21-4.53.44-6.73.61a2.18 2.18 0 0 1-2.37-1.8 3.29 3.29 0 0 1 .59-2.27c1.4-2 4-3.35 7.47-4-.61-.79-1.2-1.53-1.75-2.29-1.35-1.88-2.33-3.88-2-6.29.15-1.31 1.09-1.77 2.29-1.26 2 .8 2.68 2.61 3.57 4.29l1.23 2.3c.16-.85.22-1.37.35-1.87a23.32 23.32 0 0 1 3.75-7.67 2.27 2.27 0 0 1 2.7-1.1 2.68 2.68 0 0 1 1.14 2.81c-.42 1.65-1 3.27-1.5 4.89-.17.52-.42 1-.68 1.62 1.75-.56 3.36-1.19 5-1.57a9.49 9.49 0 0 1 3.4-.17c1.7.26 2.15 1.48 1.16 2.89a11.34 11.34 0 0 1-5.77 4.23c-.93.32-1.87.61-3.05 1a12.77 12.77 0 0 1 1.38 1.2 22.27 22.27 0 0 1 3 3.63 2.51 2.51 0 0 1-.65 3.54 3.21 3.21 0 0 1-3.84-.07c-.93-.71-1.8-1.51-2.8-2.37a19 19 0 0 1-.43 3.37 13.63 13.63 0 0 1-1.76 3.83c-1.11 1.52-2.73 1.2-3.5-.55s-.58-3.89-.34-5.87c.05-.41.11-.85.14-1.06Zm3.44-7.59c-1.66 0-2.49.71-2.5 2.16a2.25 2.25 0 0 0 2.07 2.21 2.77 2.77 0 0 0 2.51-2.7c.03-1.15-.6-1.66-2.08-1.67Z"
        fill="#ef9997"
      />
      <path
        d="M84.82 120.74c-1 .86-1.9 1.66-2.85 2.37-.8.61-1.79 1-2.61.16a1.83 1.83 0 0 1 .12-2.5c.51-.7 1.08-1.35 1.63-2 .24-.29.5-.57.68-.78a28.61 28.61 0 0 1-3.46-.93c-.81-.31-1.6-.89-1.34-2s1-1.15 1.94-1.22a27.86 27.86 0 0 0 3-.53 7.85 7.85 0 0 0-.2-.83 10.84 10.84 0 0 1-.49-6.44c.1-.37.45-.93.72-.94a1.68 1.68 0 0 1 1.33.52c.82 1.28 1.53 2.64 2.24 4a8.24 8.24 0 0 1 .45 1.27c1.15-1.83 2.25-3.73 3.52-5.52a5 5 0 0 1 2-1.47A1 1 0 0 1 93 105a17.33 17.33 0 0 1-1.15 3.71c-.5 1.16-1.19 2.24-1.76 3.28 1.59-.16 3.18-.33 4.77-.47a2.17 2.17 0 0 1 2.4 1.48c.31 1-.44 1.77-1.32 2.16-1.43.64-2.91 1.14-4.45 1.73.46.42 1.09.91 1.63 1.49a9 9 0 0 1 1.49 1.95c.4.77.74 1.87-.28 2.32a3.62 3.62 0 0 1-2.53-.07 11.25 11.25 0 0 1-2.39-1.7v3.92a4.07 4.07 0 0 1-.36 1.73 1.89 1.89 0 0 1-1.16 1 1.82 1.82 0 0 1-1.46-.71 23.32 23.32 0 0 1-1.28-3.69 16 16 0 0 1-.33-2.39Zm1.42-3a2.07 2.07 0 0 0 2-2.13 2 2 0 0 0-1.71-2 2.29 2.29 0 0 0-1.94 2.45 1.73 1.73 0 0 0 1.65 1.66Z"
        fill="#fceaeb"
      />
      <path
        d="m32.48 19.16-4.37-1.92a9.92 9.92 0 0 1-.35 1.33 27.31 27.31 0 0 1-1.73 4 1.43 1.43 0 0 1-2.64-.25 13.16 13.16 0 0 1-.52-3.57 3.59 3.59 0 0 1 .23-1.14 19.36 19.36 0 0 1-3.52-.43 2 2 0 0 1-.76-3.55 20.62 20.62 0 0 1 2.34-1.67 4.88 4.88 0 0 1-3.4-3.05 6.63 6.63 0 0 1-.29-2.69c.11-1.08 1.51-1.59 2.7-1 1.5.79 2.92 1.73 4.36 2.59a17.35 17.35 0 0 1 .38-3.11 7.23 7.23 0 0 1 2.4-4.18c1.15-.85 2.06-.67 2.7.61 1 1.93.63 4 .49 6 0 .15-.06.3-.12.61C32 7 33.57 6.33 35.32 6.86c1.49.45 2.08 1.45 1.56 2.89a4 4 0 0 1-3.51 2.65c-.47.07-.93.18-1.49.29a17 17 0 0 1 1.33 1.76 3.53 3.53 0 0 1-.73 4.71Zm-3.75-8.07c0-1.21-.59-2-1.55-2a2.32 2.32 0 0 0-2 1.87A2.18 2.18 0 0 0 27 13.09a1.9 1.9 0 0 0 1.73-2ZM56.75 138.67a37.92 37.92 0 0 1-3.83 1.66 3.18 3.18 0 0 1-3.62-1.15c-.73-1.19-.46-2.44.49-3.87 1.25-1.87 3.26-2 5.11-2.47.19-.05.38-.07.76-.14a14.21 14.21 0 0 1-1.22-2.57 16.08 16.08 0 0 1-.7-4.37c0-1.19.91-1.48 1.84-.65a16.32 16.32 0 0 1 2.13 2.67 9.44 9.44 0 0 1 .68 1.39 22.46 22.46 0 0 1 2.07-2.58 6.46 6.46 0 0 1 2.29-1.41 1.85 1.85 0 0 1 2.22.75 3 3 0 0 1 0 3.29c-.58 1.06-1.35 2-2 3.05a20 20 0 0 1 3 .35 4.2 4.2 0 0 1 2.78 2.22 1.88 1.88 0 0 1-.43 2.47 4.29 4.29 0 0 1-4.18 1.15c-.53-.1-1.06-.25-1.78-.42a12.87 12.87 0 0 1 .25 2.57 7.9 7.9 0 0 1-.74 2.81c-.62 1.18-1.65 1.23-2.65.3-1.6-1.4-2.02-3.33-2.47-5.05Zm2.63-6.54c-1 .24-1.86 1.11-1.82 1.83a1.89 1.89 0 0 0 1.69 1.69 1.83 1.83 0 0 0 1.51-2.05c-.17-.6-.9-.99-1.38-1.47ZM55.79 81.9c1.68 1.58 2 2.49 1.36 3.79a2.32 2.32 0 0 1-2.57 1.17 25.31 25.31 0 0 1-1 3.59c-.61 1.44-1.89 1.5-2.54.1a24.11 24.11 0 0 1-1.09-4c-.35-.06-1-.13-1.59-.27a2.65 2.65 0 0 1-2.11-1.9 2.06 2.06 0 0 1 1.15-2.58 11.6 11.6 0 0 1 1.07-.51c.36-.15.73-.26.91-.32a18.18 18.18 0 0 1-.66-3.42 2.13 2.13 0 0 1 1.07-1.63c.41-.18 1.27.24 1.71.64a9.15 9.15 0 0 1 1.24 1.93 6.78 6.78 0 0 1 1.56-1.41 3.12 3.12 0 0 1 2.26-.35 1.82 1.82 0 0 1 .74 2.5c-.42.9-.97 1.77-1.51 2.67Zm-3.93-.39a1.48 1.48 0 0 0-1.52 1.7 1.43 1.43 0 0 0 1.29 1.58c.8.1 1.59-.92 1.55-1.91a1.31 1.31 0 0 0-1.32-1.37ZM92.84 63a20.79 20.79 0 0 1 3.08.52c1.11.36 1.21 1.4.29 2.11a3.85 3.85 0 0 1-1.22.73c-1 .27-.9.79-.42 1.46.23.32.61.65.62 1 0 .74.09 1.81-.33 2.12s-1.44 0-2.15-.24c-.37-.11-.65-.54-1-.86a10.84 10.84 0 0 1-.88 2.28 6.23 6.23 0 0 1-1.56 1.24 6.19 6.19 0 0 1-1-1.63 20 20 0 0 1-.27-2.94 23.34 23.34 0 0 1-2.77 0c-.45-.06-1.16-.42-1.21-.73a1.7 1.7 0 0 1 .62-1.38 23.19 23.19 0 0 1 2.62-1.53c-.37-.85-.8-1.68-1.1-2.55a1.59 1.59 0 0 1 .6-2.11c.77-.39 1.32.23 1.76.86a3 3 0 0 0 .52.48 16.76 16.76 0 0 1 1.46-2.09c.33-.35 1.07-.75 1.36-.6a2.19 2.19 0 0 1 1.07 1.4 10.81 10.81 0 0 1-.09 2.46Zm-.77 2.52c-.75-.56-1.41-1.28-1.63-1.17-.53.28-.87 1-1.28 1.46.45.37.89 1 1.35 1s.85-.71 1.56-1.34Z"
        fill="#ef9997"
      />
      <path
        d="M10.78 64.81v.52c.16.92-.2 1.73-1.07 1.81-.51 0-1.2-.59-1.6-1.09a4.15 4.15 0 0 1-.53-1.45 19.25 19.25 0 0 1-3.29.3c-1-.07-1.24-.87-.72-1.75a6.93 6.93 0 0 1 .6-.89 6.22 6.22 0 0 1 .62-.58 17.68 17.68 0 0 1-1.74-2.31 1.87 1.87 0 0 1 .07-1.5c.11-.22.85-.25 1.25-.16a24.26 24.26 0 0 1 2.42.79c0-.72-.17-1.45-.15-2.17 0-.91.24-1.88 1.22-2.11s1.52.48 1.79 1.37a9.83 9.83 0 0 1 .54 2c0 .82.41.94 1.08.78a3 3 0 0 1 .57-.16c.92 0 2-.23 2.5.71s-.26 1.55-.87 2.13-.4.89.07 1.31c.27.23.67.43.76.72a3.29 3.29 0 0 1 .27 2c-.17.37-1.16.53-1.75.48a8.48 8.48 0 0 1-2.04-.75Zm-.52-3.65c-.47-.38-.88-.95-1.41-1.1-.71-.2-1.41.68-1.38 1.58A1.34 1.34 0 0 0 8.92 63c1.08 0 1.08-.82 1.34-1.84Z"
        fill="#fceaeb"
      />
      <path
        d="M69.87 58.05s0 .08.07.09c.84.28 1.83.76 1.6 1.63-.17.64-1.15 1.18-1.88 1.54-.58.28-.93.5-.89 1.19a3.31 3.31 0 0 1-.18 1.16 1.29 1.29 0 0 1-2.16.68 10.62 10.62 0 0 1-.85-.76c-.73.51-1.47 1.08-2.26 1.56-.13.08-.5-.15-.73-.29-1.05-.66-.8-1.56.28-3.63-.34-.08-.79 0-.95-.25a3.78 3.78 0 0 1-1-1.71c-.08-1 .92-1.18 1.61-1.23.93-.07 1.25-.38 1.25-1.3a5.53 5.53 0 0 1 .45-1.58c.57.28 1.15.54 1.7.85.16.09.25.3.41.49 1.07-.45 1.59-2.61 3.09-1.4.62.5.49 1.91.71 2.9Zm-5 1.4c-.17.93.13 1.55 1.13 1.48s1.3-.66 1.3-1.49-.35-1.33-1.2-1.3a1.14 1.14 0 0 0-1.27 1.31Z"
        fill="#fce9ea"
      />
      <path
        d="M39.45 105a1.22 1.22 0 0 1 0-.17s.07-.06.09 0a.74.74 0 0 1 .13.12Z"
        fill="#fefefe"
      />
      <path
        d="M51.14 38.76c1.48 0 2.11.52 2.08 1.67a2.77 2.77 0 0 1-2.51 2.7 2.25 2.25 0 0 1-2.07-2.21c.01-1.45.84-2.17 2.5-2.16Z"
        fill="#b56e37"
      />
      <path
        d="M86.24 117.72a1.73 1.73 0 0 1-1.69-1.65 2.29 2.29 0 0 1 1.94-2.45 2 2 0 0 1 1.71 2 2.07 2.07 0 0 1-1.96 2.1Z"
        fill="#b6733d"
      />
      <path
        d="M28.73 11.09a1.9 1.9 0 0 1-1.73 2A2.18 2.18 0 0 1 25.17 11a2.32 2.32 0 0 1 2-1.87c.97-.02 1.56.75 1.56 1.96Z"
        fill="#b56e37"
      />
      <path
        d="M59.38 132.13c.48.48 1.21.89 1.38 1.47a1.83 1.83 0 0 1-1.51 2.05 1.89 1.89 0 0 1-1.69-1.65c-.04-.76.83-1.63 1.82-1.87ZM51.86 81.51a1.31 1.31 0 0 1 1.32 1.37c0 1-.75 2-1.55 1.91a1.43 1.43 0 0 1-1.29-1.58 1.48 1.48 0 0 1 1.52-1.7Z"
        fill="#b66f39"
      />
      <path
        d="M92.07 65.47c-.71.63-1.14 1.31-1.56 1.3s-.9-.64-1.35-1c.41-.51.75-1.18 1.28-1.46.22-.12.88.6 1.63 1.16Z"
        fill="#b56e37"
      />
      <path
        d="M10.26 61.16C10 62.18 10 63 8.92 63a1.34 1.34 0 0 1-1.45-1.38c0-.9.67-1.78 1.38-1.58.53.17.94.74 1.41 1.12ZM64.83 59.45a1.14 1.14 0 0 1 1.26-1.31c.85 0 1.2.54 1.2 1.3s-.35 1.45-1.3 1.49-1.29-.55-1.16-1.48Z"
        fill="#b6733d"
      />
    </svg>
  </div>
  <div
    className="absolute z-1 bottom-[-80px] left-[-70px] w-[150px] tablet:bottom-[-120px] tablet:left-[-100px] tablet:w-[280px]"
  >
    <svg
      viewBox="0 0 151.79 153.12"
      xmlns="http://www.w3.org/2000/svg"
    >
      <path
        d="M42.31 92.49c-.42 1.38-1 2.74-1.26 4.15-.95 4.48-1.93 9-2.65 13.46a32.91 32.91 0 0 0 0 6.2c0 .32.53.61.73 1 .39.69.65 1.46 1.1 2.11 1.91 2.77 3.89 5.5 5.8 8.27a35.65 35.65 0 0 1 6.19 14.85c.48 3.15 1 6.28 1.51 9.43.06.37-.3.8-.46 1.2-.3-.18-.7-.28-.87-.53-1-1.56-2-3.16-3-4.73-1.82-2.84-3.73-5.64-5.46-8.54a45.63 45.63 0 0 1-5.74-14.85 57 57 0 0 1-1-13.79 6.45 6.45 0 0 0-.12-.78c-.5.74-.86 1.26-1.19 1.79a40.56 40.56 0 0 1-12.78 13.5 33.65 33.65 0 0 1-9.83 4.47c-.92.22-1.78.7-2.7 1a1.13 1.13 0 0 1-1-.23 1.16 1.16 0 0 1 .07-1c2.65-3.62 5.22-7.31 8-10.79a33.8 33.8 0 0 1 13.63-9.94c1.79-.73 3.74-1.07 5.5-1.85a3.12 3.12 0 0 0 1.25-2A76.14 76.14 0 0 1 41.64 91c1.21-3 2.58-5.9 3.93-8.82.59-1.28 1.3-2.52 2.11-4.06a8.09 8.09 0 0 0-1.19.33 54.55 54.55 0 0 1-19 5.77 78.65 78.65 0 0 1-8 0 11.72 11.72 0 0 1-2.14-.08 1.63 1.63 0 0 1-1-.75c-.09-.16.18-.69.43-.86 1.62-1.14 3.26-2.25 4.94-3.32a28.19 28.19 0 0 1 17.29-4.78c3 .19 6 .14 9 .34A4.26 4.26 0 0 0 51.84 73a54.57 54.57 0 0 1 16.28-12.9c.22-.12.55 0 .83 0a3.28 3.28 0 0 1-.25.84c-.11.19-.37.29-.58.41-1.69 1-3.4 2.07-5.08 3.13A3.64 3.64 0 0 0 61.52 69a15.91 15.91 0 0 1 1.21 7.35 61.1 61.1 0 0 1-1.33 6.54c-.77 3.08-1.65 6.13-2.48 9.2a17.93 17.93 0 0 1-.78 2.74c-.21.47-.81.76-1.23 1.13-.28-.38-.71-.72-.82-1.14-1-4-2.27-7.89-1.9-12.07a24.38 24.38 0 0 1 3.4-11.07c.57-.91 1.12-1.84 1.62-2.79a6.25 6.25 0 0 0 .35-1.32l-.28-.2c-.65.52-1.34 1-1.94 1.56a56.56 56.56 0 0 0-8.87 10.41c-1.12 1.78-2 3.7-3 5.59a2.85 2.85 0 0 0 0 1.21 4.28 4.28 0 0 1 .08.93c-.77 3.81.85 6.75 3.49 9.22 2.21 2.07 4.7 3.83 6.83 6a26.36 26.36 0 0 1 6.27 10c1.28 3.75 2.43 7.55 3.6 11.33a6.8 6.8 0 0 1 .33 2c0 .46-.15 1.14-.47 1.33a1.59 1.59 0 0 1-1.35-.3 41.93 41.93 0 0 1-3.29-3c-2.83-2.84-5.73-5.63-8.41-8.62-3.44-3.84-6.61-7.95-8.21-12.92a65.2 65.2 0 0 1-1.63-8.64c-.06-.33-.06-.66-.09-1Z"
        fill="#cda059"
      />
      <path
        d="M47 11.6a1.79 1.79 0 0 1 1.93.89c2.3 3.2 4.72 6.33 6.83 9.65a21.29 21.29 0 0 1 3.23 12.28c0 1.59-.34 3.17-.39 4.76a2.81 2.81 0 0 0 .52 1.87 27.32 27.32 0 0 0 4.35 4.06 12.68 12.68 0 0 0 4.15 1.43c.68.16 1 .55.82 1a1.56 1.56 0 0 1-1 .9c-2.82.49-5.65.9-8.47 1.34-1.78.28-3.54.69-5.32.8a7.6 7.6 0 0 0-6.69 4.52A21.64 21.64 0 0 1 43 59.6c-3.24 3.29-7.41 5.06-11.57 6.78A50.38 50.38 0 0 1 26 68.17a1.35 1.35 0 0 1-1.14-.44c-.14-.16.07-.82.32-1.06 2.24-2.15 4.41-4.38 6.81-6.34a95.92 95.92 0 0 1 8.54-6.22A27.63 27.63 0 0 1 51 49.72c4.12-.66 8.26-1.25 12.38-1.88a4.26 4.26 0 0 0 1.74-.62c-1.26-.38-2.5-.78-3.76-1.12a67.89 67.89 0 0 1-11.46-4.76 16.55 16.55 0 0 0-5-1.33c-3.71-.5-7.45-.76-11.17-1.19a4.51 4.51 0 0 0-3.94 1.7 81.75 81.75 0 0 1-7.35 6.83A15.2 15.2 0 0 1 12 50.53c-3.08-.16-6.14-.67-9.2-1.05-1.19-.15-1.43-1.29-.39-2a70.31 70.31 0 0 1 9.07-5.42 63.48 63.48 0 0 1 15.61-4.22 38.35 38.35 0 0 1 11.32 0c2.08.27 4.16.57 6.25.86l.17-.34c-.74-.52-1.52-1-2.21-1.57-3-2.54-6.09-5-8.94-7.71a46.56 46.56 0 0 1-8.51-10.4c-1.85-3.2-3.74-6.38-5.41-9.66a36 36 0 0 1-1.95-5.51 1.33 1.33 0 0 1 .36-1 .87.87 0 0 1 .83 0c4.58 3.18 9.39 6.23 12.09 11.3 1.85 3.48 3 7.35 4.59 11a39.51 39.51 0 0 0 3.67 7.22 19.49 19.49 0 0 0 6.66 5.49c2.47 1.36 4.87 2.86 7.39 4.12a53.47 53.47 0 0 0 7.08 2.8c-9-8.75-14.06-19.13-13.92-31.79.15-.32.27-.65.44-1.05Zm-1.57 27.18h-.08v.07ZM108.68 94.21c1.24 2 1.56 4.45 3.49 6.05a1.22 1.22 0 0 1 .36.62c.8 3.37 3 6 4.56 9a8.55 8.55 0 0 0 4.34 3.68c2.86 1.38 5.58 3.08 8.5 4.33a28.18 28.18 0 0 1 6.43 3.61 43.85 43.85 0 0 1 8 8c.83 1.11 1.7 2.18 2.48 3.32a2.91 2.91 0 0 1 .19 1.21 3.93 3.93 0 0 1-1.34.14 39.24 39.24 0 0 1-13-6.43A62.46 62.46 0 0 1 121 117.07c-1.87-2.36-3.59-4.86-5.38-7.29a2.45 2.45 0 0 0-.91-.9 33 33 0 0 1 .51 3.39 84 84 0 0 1 .39 10.26 41.84 41.84 0 0 1-2.5 12.49q-1.43 3.67-3 7.27c-.18.41-.77.64-1.17 1a4.62 4.62 0 0 1-.58-1.29c-.34-2.72-.77-5.44-.86-8.17a39.64 39.64 0 0 1 1.72-11.54 54.58 54.58 0 0 1 4.07-10.44 5.23 5.23 0 0 0 .2-2.9c-.53-3.64-2.23-6.86-3.83-10.13-1.39-2.86-2.59-5.81-3.88-8.72l-.52-1.15h-.4a7.61 7.61 0 0 0-.59 2 50.15 50.15 0 0 1-3.87 18.22c-.84 2.06-1.89 4-2.91 6-.17.33-.65.49-1 .74-.23-.34-.65-.67-.67-1-.14-2.22-.31-4.44-.26-6.66a30.48 30.48 0 0 1 5-15.63 15.81 15.81 0 0 1 1.81-2.35 2.85 2.85 0 0 0 .72-2.43c-.32-2.81-.62-5.62-1-8.43-.07-.49-.43-.94-.53-1.43a3 3 0 0 1 .16-1c.27.19.68.33.78.59.68 1.78 1.29 3.59 1.93 5.38.78 2.21 1.68 4.38 2.31 6.63.51 1.82 1.76 2.14 3.32 2.3 3.4.35 6.82.59 10.16 1.22a32.83 32.83 0 0 1 5.93 2.12 66.74 66.74 0 0 1 13.49 7.33c.3.22.38.76.56 1.14-.36.17-.73.51-1.08.48-3.59-.32-7.21-.53-10.77-1.09a33.09 33.09 0 0 1-7.82-2 65.71 65.71 0 0 1-8.1-4.52c-1.21-.72-2.3-1.66-3.45-2.5Zm.1-.48-.07-.08-.07.07.1.08Z"
        fill="#cda05a"
      />
      <path
        d="M86.52 137.74a14.12 14.12 0 0 1-6.35 1.4 3.7 3.7 0 0 1-1.63-.25c-.52-.25-1.24-.73-1.27-1.16a2.09 2.09 0 0 1 .87-1.64 34.62 34.62 0 0 1 3.72-1.7c-.87-.79-1.86-1.64-2.78-2.57-.25-.26-.48-1-.35-1.11a2.19 2.19 0 0 1 1.35-.71 16.16 16.16 0 0 1 2.61.28c-.77-1.1-1.55-2-2.15-3.09a8.6 8.6 0 0 1-.94-2.55c-.23-1.11.44-1.66 1.54-1.35a8 8 0 0 1 4.38 3.3c.25.34.51.67.86 1.13a28.73 28.73 0 0 1 .47-5.1 24.41 24.41 0 0 1 2.35-5.4c.68-1.19 1.82-1 2.24.35a15.87 15.87 0 0 1 .56 3.64c.09 1.46 0 2.93 0 4.54l1-.86c1.43-1.29 2.89-2.58 4.9-2.78a2.51 2.51 0 0 1 1.87.62 2 2 0 0 1 .18 1.83 15.36 15.36 0 0 1-2.28 3c-.81.84-1.79 1.53-2.62 2.53h1.6a8.29 8.29 0 0 1 5.53 2.21 1.93 1.93 0 0 1-.18 3.08 5.64 5.64 0 0 1-4.23.85c-.27 0-.53-.11-1.19-.25.68.87 1.17 1.44 1.6 2.06 1.14 1.65 2.44 3.21 2.52 5.39 0 1.29-.69 2.16-1.93 1.68a11.74 11.74 0 0 1-3.67-2.31 49.34 49.34 0 0 1-3.64-4.17c-.55 1.9-1.13 4-1.74 6-.45 1.53-1.44 2.55-2.3 2.41s-1.94-2.06-1.8-3.23c.19-1.61.5-3.21.75-4.83.07-.42.08-.86.12-1.28l.12-.09h-.07s0 .1-.02.13Zm1.19-5.8c0 1.57.65 2.64 1.7 2.66a1.93 1.93 0 0 0 1.89-2 2 2 0 0 0-2.06-2c-.85-.05-1.62.15-1.53 1.34Z"
        fill="#ef9997"
      />
      <path
        d="M91.85 77.07a9.11 9.11 0 0 1 .59 1.63 24.27 24.27 0 0 1-.54 9.49 49.13 49.13 0 0 1-4.12 11.53 42 42 0 0 1-10.85 13.62c-1.39 1.13-2.8 2.24-4.24 3.3a1.38 1.38 0 0 1-1.06.15c-.16 0-.34-.54-.29-.78.72-3.13 1.48-6.27 3.32-9a26.46 26.46 0 0 1 6.55-6.2c1.65-1.23 3.25-2.54 4.89-3.78.62-.47 1.32-.85 2-1.31a1.54 1.54 0 0 0 .51-.62 38.18 38.18 0 0 0 3-14.29 3.67 3.67 0 0 0-.16-.87c-1.46 1.65-2.87 3.42-4.46 5a25.81 25.81 0 0 1-9.31 5.67c-2.74 1-5.6 1.73-8.43 2.49a4.8 4.8 0 0 1-1.75-.24 5 5 0 0 1 .5-1.69 22.23 22.23 0 0 1 3.46-4 47.56 47.56 0 0 1 7.17-4.86A44.88 44.88 0 0 1 86 79.52a24.16 24.16 0 0 1 3.87-.52 1.16 1.16 0 0 0 .68-.34c.34-.45.62-1 .92-1.45Z"
        fill="#cda05a"
      />
      <path
        d="M6.92 69.09a50.37 50.37 0 0 1-2.59-4.79 14.09 14.09 0 0 1-1-4.12c-.12-1.18.82-1.66 1.8-1a14.55 14.55 0 0 1 4.4 5.42c.33.63.64 1.28 1.06 2.13a16 16 0 0 1 2.15-6.59 7 7 0 0 1 1.17-1.5 1.33 1.33 0 0 1 2.39.61 7.43 7.43 0 0 1-.42 4.75c-.28.77-.58 1.53-1 2.55 1.22-.58 2.19-1.06 3.17-1.5a2 2 0 0 1 2.45.21c.66.76.39 1.62-.1 2.52-.86 1.59-2.34 2.3-3.65 3.06 1.25.57 2.58 1.16 3.88 1.79a1.59 1.59 0 0 1 .79.69 2.52 2.52 0 0 1 .3 1.68 1.83 1.83 0 0 1-1.41.83 22 22 0 0 1-3.41-.44c-.51-.09-1-.27-1.65-.46a3.34 3.34 0 0 0 .28.82 6.89 6.89 0 0 1 1.16 4.88c-.1 1.32-1.28 1.93-2.12 1a39.54 39.54 0 0 1-3.05-4.47 3.2 3.2 0 0 0-.62-.8l-.12.48a10.19 10.19 0 0 1-3.19 4.81c-.58.55-1.35 1.07-2 .52a2.66 2.66 0 0 1-.75-1.95 10.4 10.4 0 0 1 2.21-5.59c.32-.45.66-.88 1.09-1.45l-2.82-.45a8 8 0 0 1-4.88-2.82c-.35-.4-.31-1.14-.44-1.73a4 4 0 0 1 1.4-.26c1.82.36 3.62.84 5.43 1.27h.22Zm6 2.51c0-.9-1.13-2.19-1.87-2.16a1.86 1.86 0 0 0-1.68 1.94 2.33 2.33 0 0 0 2 2.05 2.11 2.11 0 0 0 1.51-1.83ZM138.79 89.06a10.31 10.31 0 0 1-.82-2.44 2.22 2.22 0 0 1 .7-1.8 2.12 2.12 0 0 1 1.84.46 9.58 9.58 0 0 1 1.45 2c.64-1.14 1.23-2.38 2-3.5.27-.41 1.07-.88 1.37-.75a1.93 1.93 0 0 1 .85 1.42 10 10 0 0 1-.22 2.36c-.06.46-.14.91-.21 1.35 1.2-.36 2.27-.72 3.37-1a2.23 2.23 0 0 1 2.48 1.06 1.78 1.78 0 0 1-.67 2.32 8.81 8.81 0 0 1-2.11 1.46c.58.92 1.16 1.83 1.73 2.76a6.19 6.19 0 0 1 .65 1.24c.32 1.06-.2 1.81-1.3 1.68a10.2 10.2 0 0 1-2.44-.83 7.27 7.27 0 0 1-1-.56c-.08 1.34-.08 2.6-.28 3.83-.08.49-.63.9-1 1.35-.41-.35-1-.61-1.18-1.05-.64-1.48-1.14-3-1.76-4.68a20.81 20.81 0 0 1-2.11 1c-.44.15-1.15.25-1.42 0a1.73 1.73 0 0 1-.24-1.42 19.46 19.46 0 0 1 .9-2.38h-2.76a1.47 1.47 0 0 1-1.54-1.62 1.75 1.75 0 0 1 1.66-1.75c.55-.1 1.11-.11 1.65-.21.21-.04.34-.23.41-.3Zm7 3a1.86 1.86 0 0 0-1.94-1.82 1.69 1.69 0 0 0-1.73 1.87 1.59 1.59 0 0 0 1.66 1.51c1.22 0 2.01-.62 2.02-1.57Z"
        fill="#ef9997"
      />
      <path
        d="M64.45 133.86a14.82 14.82 0 0 1 3.63-.17c1.61.31 1.82 1.42.62 2.54-.43.4-.92.72-1.52 1.18l1 .61a10.77 10.77 0 0 1 1.22.75 2.52 2.52 0 0 1 1 2.74c-.28 1-1.28 1.06-2.18 1-.47 0-.94-.07-1.55-.12a8 8 0 0 0 .11.89 6.33 6.33 0 0 1 .28.91c0 1 .43 2.38-.73 2.92s-1.64-.65-2.2-1.38c-.73-.93-1.37-1.92-2.07-2.91a23.44 23.44 0 0 1-2.16 2 4.36 4.36 0 0 1-1.49.4 5.09 5.09 0 0 1-.28-1.64 13.06 13.06 0 0 1 .63-2.13 9.17 9.17 0 0 1-2.42-.62c-1.07-.59-.93-1.58.19-2.14.6-.3 1.22-.57 1.92-.9l-1.28-1.66a3 3 0 0 1-.23-.27c-.4-.76-1.05-1.61-.26-2.35s1.72-.26 2.5.28a12.68 12.68 0 0 1 1 .94 10.68 10.68 0 0 1 .44-1 24.92 24.92 0 0 1 1.64-2.73c.26-.34 1.07-.7 1.29-.55a2.46 2.46 0 0 1 .86 1.43 9 9 0 0 1 .04 1.98Zm-1.88 6.24a1.53 1.53 0 0 0 1.52-1.49 1.79 1.79 0 0 0-1.72-1.52 1.34 1.34 0 0 0-1.33 1.4 1.5 1.5 0 0 0 1.53 1.61ZM13.12 105.44v1.51a2.15 2.15 0 0 1-1.29 2.44A2.75 2.75 0 0 1 9.06 108c-.44-.83-.76-1.72-1.09-2.5-1.12.41-2.14.86-3.21 1.15a1.56 1.56 0 0 1-1.95-1.5c-.1-1.39.32-2.16 2.14-3.94a14.84 14.84 0 0 1-1.16-2c-.16-.41-.16-1.23.07-1.37a2.17 2.17 0 0 1 1.62-.2 14.8 14.8 0 0 1 2.37 1.21v-3.16a2 2 0 0 1 .37-1.11c.33-.39.81-.89 1.22-.89a1.73 1.73 0 0 1 1.22.89 11 11 0 0 1 .61 2.15 28 28 0 0 1 3-1.72 1.75 1.75 0 0 1 1.61.18 2.14 2.14 0 0 1 .4 1.8 16.47 16.47 0 0 1-1.65 2.82 7.24 7.24 0 0 1-.69.81c3.25 1.48 3.91 2.2 3.46 3.74-.31 1.1-1.71 1.49-4.28 1.08Zm-2-3.46c.06-1.44-.37-2-1.35-2a1.81 1.81 0 0 0-1.62 1.46c0 .82 1 2 1.61 1.75A4.56 4.56 0 0 0 11.1 102Z"
        fill="#fceaeb"
      />
      <path
        d="M47 11.6c-.12.37-.24.73-.35 1.09l-2.78.47c.09.72.24 1.72.33 2.74a3.1 3.1 0 0 1 0 1.52c-.28.58-.79 1.39-1.27 1.44a2 2 0 0 1-1.6-1.08c-.7-1.62-1.17-3.35-1.66-4.85a29.64 29.64 0 0 1-3.38.52 1.78 1.78 0 0 1-1.42-.74A1.9 1.9 0 0 1 35 11a26.33 26.33 0 0 1 2.88-2.35c-.61-.78-1.38-1.73-2.08-2.72a2.45 2.45 0 0 1-.45-1.22 1.56 1.56 0 0 1 .32-1.16 1.28 1.28 0 0 1 1.16-.13c1 .46 1.84 1.06 2.53 1.46a31.92 31.92 0 0 1 1.56-4c.66-1.24 1.82-1.11 2.25.21a26.68 26.68 0 0 1 .64 3.57 18.18 18.18 0 0 1 2.87-1.11 6.33 6.33 0 0 1 2.11.28 5.52 5.52 0 0 1-.42 2.09 28.43 28.43 0 0 1-2.46 2.79Zm-5-1.35a4.64 4.64 0 0 0 1.08-1.4c.26-.79-.66-1.8-1.52-1.92a1.87 1.87 0 0 0-1.76 1.59c-.11.86.6 1.54 2.2 1.73Z"
        fill="#ef9997"
      />
      <path
        d="M71.76 101.64a4.68 4.68 0 0 1 1.12.64c.37.36.9.89.84 1.26a1.81 1.81 0 0 1-1 1.27 14.38 14.38 0 0 1-2.9.25c.14.5.32 1.09.47 1.68.23.87.43 1.77-.58 2.3-.83.45-1.68 0-2.28-1.14-.2-.38-.43-.75-.68-1.18-1.19.4-2.52 1.14-3.41-.15s.32-2.11 1-3a15.12 15.12 0 0 1-2.19-1.8 2.21 2.21 0 0 1-.43-1.77c.27-.83 1.16-.7 1.87-.53a16.63 16.63 0 0 1 1.65.55 14.21 14.21 0 0 1 0-2.72 2.52 2.52 0 0 1 1.08-1.39c.16-.1.94.45 1.18.86.53.91.9 1.91 1.37 2.94.48-.41 1-.86 1.54-1.29.75-.6 1.76-.88 2.38-.22.35.37.08 1.46-.1 2.17-.15.46-.61.83-.93 1.27Zm-4.43 1.76c1 .18 1.58-.27 1.62-1.22 0-.77-.25-1.4-1.23-1.38s-1.82.12-1.91 1.12c-.07.84.35 1.68 1.52 1.48Z"
        fill="#ef9a98"
      />
      <path
        d="M58.72 58.4c.4.14.78.25 1.13.4a1.28 1.28 0 0 1 .34 2.38 2.8 2.8 0 0 1-.85.63c-1 .28-1.11.94-1.19 1.86a2.24 2.24 0 0 1-1.15 1.5c-.3.17-1-.28-1.45-.51-.19-.09-.3-.33-.5-.57-.34.29-.61.57-.93.79a1.44 1.44 0 0 1-2.39-1.15 1.33 1.33 0 0 0-.73-1.28c-1-.58-1-1.34 0-1.93a21.79 21.79 0 0 1 2.15-1 4.22 4.22 0 0 1-.44-1.31 9.56 9.56 0 0 1 .35-1.88c.57.14 1.27.11 1.68.44.66.52 1 .36 1.5-.16a2.8 2.8 0 0 1 1-.83 1.59 1.59 0 0 1 1.29 0 2.08 2.08 0 0 1 .45 1.3 5.52 5.52 0 0 1-.26 1.32ZM56.84 61a6.35 6.35 0 0 0-1.41-1 .74.74 0 0 0-1 .93c.12.47.64.84 1 1.26ZM63.85 11.51c.48 1 .71 2.27-.67 3-.4.2-1.27-.56-1.93-.89l.07-.33a14.42 14.42 0 0 1-1.43.8c-.37.15-1 .36-1.16.19s-.42-.84-.61-1.28-.26-.89-.56-1.09a1.73 1.73 0 0 1-1-2c.15-.51.82-.86 1.25-1.28l.26.21a7.28 7.28 0 0 0 .1-.8c0-1.7.37-1.91 2-1.52a1.33 1.33 0 0 0 1-.31c1.26-1.12 2.42-1.16 2.91.05a3.63 3.63 0 0 1-.07 1.54c.55.66 1.49 1.29 1.54 2 .16.46-.96 1.05-1.7 1.71Zm-3-.1c.51-.66 1-1 1.07-1.48 0-.21-.65-.77-1-.78S60 9.68 60 10s.42.77.83 1.41Z"
        fill="#fceaeb"
      />
      <path
        d="m45.43 38.78-.09.03.01-.07.08.04zM108.78 93.73v.07l-.1-.08.07-.07Z"
        fill="#fefefe"
      />
      <path
        d="M87.71 131.94c-.09-1.19.68-1.39 1.53-1.39a2 2 0 0 1 2.06 2 1.93 1.93 0 0 1-1.89 2c-1.05.03-1.72-1.04-1.7-2.61Z"
        fill="#b66f39"
      />
      <path
        d="M86.52 137.74v-.09h.07l-.12.09Z"
        fill="#fefefe"
      />
      <path
        d="M12.88 71.6a2.11 2.11 0 0 1-1.58 1.83 2.33 2.33 0 0 1-2-2.05 1.86 1.86 0 0 1 1.7-1.94c.75-.03 1.87 1.26 1.88 2.16Z"
        fill="#b56e37"
      />
      <path
        d="m6.92 69.09.13.14h-.22Z"
        fill="#fefefe"
      />
      <path
        d="M145.8 92.05c0 1-.8 1.57-2 1.56a1.59 1.59 0 0 1-1.66-1.51 1.69 1.69 0 0 1 1.73-1.87 1.86 1.86 0 0 1 1.93 1.82Z"
        fill="#b56e37"
      />
      <path
        d="M62.57 140.1a1.5 1.5 0 0 1-1.57-1.61 1.34 1.34 0 0 1 1.33-1.4 1.79 1.79 0 0 1 1.72 1.52 1.53 1.53 0 0 1-1.48 1.49ZM11.1 102a4.56 4.56 0 0 1-1.36 1.17c-.63.25-1.61-.93-1.61-1.75a1.81 1.81 0 0 1 1.62-1.46c.98.04 1.41.58 1.35 2.04Z"
        fill="#b6733d"
      />
      <path
        d="M42 10.25c-1.58-.19-2.29-.87-2.18-1.73a1.87 1.87 0 0 1 1.74-1.59c.86.12 1.78 1.13 1.52 1.92a4.64 4.64 0 0 1-1.08 1.4Z"
        fill="#b56e37"
      />
      <path
        d="M67.33 103.4c-1.17.2-1.59-.64-1.52-1.48.09-1 1-1.09 1.91-1.12s1.27.61 1.23 1.38c-.04.95-.63 1.4-1.62 1.22Z"
        fill="#b66f39"
      />
      <path
        d="m56.84 61-1.4 1.19c-.35-.42-.87-.79-1-1.26a.74.74 0 0 1 1-.93 6.35 6.35 0 0 1 1.4 1ZM60.83 11.41c-.41-.64-.86-1-.84-1.41s.59-.87.89-.85 1.06.57 1 .78c-.07.45-.54.82-1.05 1.48Z"
        fill="#b6733d"
      />
    </svg>
  </div>
  <div
    className="bg-white p-5 tablet:p-10 relative overflow-hidden shadow-xxl-grey z-0 bg-white w-[330px] tablet:w-full"
    data-testid="custom-class-mw"
  >
    <div
      className="relative flex flex-col items-center px-3 mt-12"
    >
      <div
        className="w-full max-w-[300px] text-center mb-8"
      >
        <h2
          className="mb-4 text-3xl tablet:text-5xl text-grey-700 font-sentinel__SemiBoldItal"
        >
          Sign Up Success
        </h2>
        <p
          className="text-grey-700"
        >
          Check your email and click the link inside to confirm your new account.
        </p>
      </div>
      <div>
        <button
          className="btn btn-lg btn-primary"
          onClick={[MockFunction]}
        >
          Got it!
        </button>
      </div>
    </div>
  </div>
</div>
`;
